{
  "timestamp": 1523364075,
  "duration": 600,
  "graphType": "versionedApp",
  "elements": {
    "nodes": [
      {
        "data": {
          "id": "c2fbd34235fb33d25809469e43f19344",
          "nodeType": "service",
          "cluster": "cluster-bookinfo",
          "namespace": "bookinfo",
          "service": "app.example.com",
          "destServices": [
            {
              "cluster": "cluster-bookinfo",
              "namespace": "bookinfo",
              "name": "app.example.com"
            }
          ],
          "traffic": [
            {
              "protocol": "http",
              "rates": {
                "httpIn": "300.00"
              }
            }
          ],
          "healthData": null
        }
      },
      {
        "data": {
          "id": "d4f8c4953121af1b02155b494ebb6063",
          "nodeType": "app",
          "cluster": "cluster-bookinfo",
          "namespace": "bookinfo",
          "workload": "productpage-v1",
          "app": "productpage",
          "version": "v1",
          "destServices": [
            {
              "cluster": "cluster-bookinfo",
              "namespace": "bookinfo",
              "name": "productpage"
            }
          ],
          "traffic": [
            {
              "protocol": "http",
              "rates": {
                "httpIn": "100.00"
              }
            }
          ],
          "healthData": null
        }
      },
      {
        "data": {
          "id": "ddedb716cef6d38da883fcb5ca8797e9",
          "nodeType": "app",
          "cluster": "cluster-cp",
          "namespace": "istio-system",
          "workload": "istio-egressgateway",
          "app": "istio-egressgateway",
          "version": "latest",
          "traffic": [
            {
              "protocol": "http",
              "rates": {
                "httpOut": "400.00"
              }
            }
          ],
          "healthData": null,
          "isRoot": true
        }
      },
      {
        "data": {
          "id": "8bbc8f3d471e91e447a9a2ff5033ba3c",
          "nodeType": "app",
          "cluster": "cluster-tutorial",
          "namespace": "bookinfo",
          "workload": "reviews-v1",
          "app": "reviews",
          "version": "v1",
          "destServices": [
            {
              "cluster": "cluster-tutorial",
              "namespace": "bookinfo",
              "name": "reviews"
            }
          ],
          "traffic": [
            {
              "protocol": "http",
              "rates": {
                "httpIn": "700.00"
              }
            }
          ],
          "healthData": null
        }
      },
      {
        "data": {
          "id": "624e46d76d5b71881ff3ce37f3c8774b",
          "nodeType": "app",
          "cluster": "cluster-tutorial",
          "namespace": "istio-system",
          "workload": "istio-egressgateway",
          "app": "istio-egressgateway",
          "version": "latest",
          "destServices": [
            {
              "cluster": "cluster-tutorial",
              "namespace": "istio-system",
              "name": "istio-egressgateway"
            }
          ],
          "traffic": [
            {
              "protocol": "grpc",
              "rates": {
                "grpcIn": "600.00",
                "grpcInNoResponse": "600.00"
              }
            },
            {
              "protocol": "http",
              "rates": {
                "httpIn": "900.00",
                "httpInNoResponse": "500.00"
              }
            }
          ],
          "healthData": null
        }
      },
      {
        "data": {
          "id": "c86e8ec8a41fcdafe296a22f7d55491b",
          "nodeType": "app",
          "cluster": "cluster-tutorial",
          "namespace": "outsider",
          "workload": "outsider-ingress",
          "app": "outsider-ingress",
          "version": "latest",
          "traffic": [
            {
              "protocol": "http",
              "rates": {
                "httpOut": "50.00"
              }
            }
          ],
          "healthData": null,
          "isInaccessible": true,
          "isOutside": true,
          "isRoot": true
        }
      },
      {
        "data": {
          "id": "11de61605e36ab80a0b85d03f8d48a48",
          "nodeType": "app",
          "cluster": "cluster-tutorial",
          "namespace": "tutorial",
          "workload": "customer-v1",
          "app": "customer",
          "version": "v1",
          "destServices": [
            {
              "cluster": "cluster-tutorial",
              "namespace": "tutorial",
              "name": "customer"
            }
          ],
          "traffic": [
            {
              "protocol": "grpc",
              "rates": {
                "grpcIn": "50.00",
                "grpcOut": "600.00"
              }
            },
            {
              "protocol": "http",
              "rates": {
                "httpOut": "1950.00"
              }
            }
          ],
          "healthData": null
        }
      },
      {
        "data": {
          "id": "7f92c6688ae60c2f8095fff466a1a7fa",
          "nodeType": "service",
          "cluster": "unknown",
          "namespace": "unknown",
          "service": "app.example-2.com",
          "destServices": [
            {
              "cluster": "unknown",
              "namespace": "unknown",
              "name": "app.example-2.com"
            }
          ],
          "traffic": [
            {
              "protocol": "http",
              "rates": {
                "httpIn": "400.00"
              }
            }
          ],
          "healthData": null,
          "isInaccessible": true
        }
      },
      {
        "data": {
          "id": "c800c2f5f6e1100ae3ebd8b63c91a0ed",
          "nodeType": "service",
          "cluster": "unknown",
          "namespace": "unknown",
          "service": "reviews",
          "destServices": [
            {
              "cluster": "unknown",
              "namespace": "unknown",
              "name": "reviews"
            }
          ],
          "traffic": [
            {
              "protocol": "http",
              "rates": {
                "httpIn": "50.00",
                "httpIn5xx": "50.00"
              }
            }
          ],
          "healthData": null,
          "isInaccessible": true
        }
      },
      {
        "data": {
          "id": "375ab940b56ae7bcf0f89cb1a7af5d44",
          "nodeType": "unknown",
          "cluster": "unknown",
          "namespace": "unknown",
          "workload": "unknown",
          "app": "unknown",
          "version": "unknown",
          "traffic": [
            {
              "protocol": "grpc",
              "rates": {
                "grpcOut": "50.00"
              }
            },
            {
              "protocol": "http",
              "rates": {
                "httpOut": "50.00"
              }
            }
          ],
          "healthData": null,
          "isInaccessible": true,
          "isRoot": true
        }
      }
    ],
    "edges": [
      {
        "data": {
          "id": "99179012a3b0b2c25ac81320ca4c32b2",
          "source": "11de61605e36ab80a0b85d03f8d48a48",
          "target": "624e46d76d5b71881ff3ce37f3c8774b",
          "traffic": {
            "protocol": "grpc",
            "rates": {
              "grpc": "600.00",
              "grpcNoResponse": "600.00",
              "grpcPercentErr": "100.0",
              "grpcPercentReq": "100.0"
            },
            "responses": {
              "-": {
                "flags": {
                  "DC": "100.0"
                },
                "hosts": {
                  "istio-egressgateway.istio-system.svc.cluster.local": "100.0"
                }
              }
            }
          }
        }
      },
      {
        "data": {
          "id": "17d932b883781f1dbafee8176601e953",
          "source": "11de61605e36ab80a0b85d03f8d48a48",
          "target": "624e46d76d5b71881ff3ce37f3c8774b",
          "traffic": {
            "protocol": "http",
            "rates": {
              "http": "900.00",
              "httpNoResponse": "500.00",
              "httpPercentErr": "55.6",
              "httpPercentReq": "46.2"
            },
            "responses": {
              "-": {
                "flags": {
                  "DC": "55.6"
                },
                "hosts": {
                  "istio-egressgateway.istio-system.svc.cluster.local": "55.6"
                }
              },
              "200": {
                "flags": {
                  "-": "44.4"
                },
                "hosts": {
                  "istio-egressgateway.istio-system.svc.cluster.local": "44.4"
                }
              }
            }
          }
        }
      },
      {
        "data": {
          "id": "8c8f6139911ba272dc8c4b654d09c747",
          "source": "11de61605e36ab80a0b85d03f8d48a48",
          "target": "8bbc8f3d471e91e447a9a2ff5033ba3c",
          "traffic": {
            "protocol": "http",
            "rates": {
              "http": "700.00",
              "httpPercentReq": "35.9"
            },
            "responses": {
              "200": {
                "flags": {
                  "-": "100.0"
                },
                "hosts": {
                  "reviews": "100.0"
                }
              }
            }
          }
        }
      },
      {
        "data": {
          "id": "94e90d3a3a2fa9f92042e6c4bac9a584",
          "source": "11de61605e36ab80a0b85d03f8d48a48",
          "target": "c2fbd34235fb33d25809469e43f19344",
          "traffic": {
            "protocol": "http",
            "rates": {
              "http": "300.00",
              "httpPercentReq": "15.4"
            },
            "responses": {
              "200": {
                "flags": {
                  "-": "100.0"
                },
                "hosts": {
                  "app.example.com": "100.0"
                }
              }
            }
          }
        }
      },
      {
        "data": {
          "id": "0d2c42e0ce8e8657642ea70e2d9f2e4d",
          "source": "11de61605e36ab80a0b85d03f8d48a48",
          "target": "d4f8c4953121af1b02155b494ebb6063",
          "traffic": {
            "protocol": "http",
            "rates": {
              "http": "50.00",
              "httpPercentReq": "2.6"
            },
            "responses": {
              "200": {
                "flags": {
                  "-": "100.0"
                },
                "hosts": {
                  "productpage:9080": "100.0"
                }
              }
            }
          }
        }
      },
      {
        "data": {
          "id": "7538d228a4a583d292019bfc8c4ce6d6",
          "source": "375ab940b56ae7bcf0f89cb1a7af5d44",
          "target": "11de61605e36ab80a0b85d03f8d48a48",
          "traffic": {
            "protocol": "grpc",
            "rates": {
              "grpc": "50.00",
              "grpcPercentReq": "100.0"
            },
            "responses": {
              "0": {
                "flags": {
                  "-": "100.0"
                },
                "hosts": {
                  "customer:9080": "100.0"
                }
              }
            }
          }
        }
      },
      {
        "data": {
          "id": "a7a647415970806452ba65adfe29f7e0",
          "source": "375ab940b56ae7bcf0f89cb1a7af5d44",
          "target": "d4f8c4953121af1b02155b494ebb6063",
          "traffic": {
            "protocol": "http",
            "rates": {
              "http": "50.00",
              "httpPercentReq": "100.0"
            },
            "responses": {
              "200": {
                "flags": {
                  "-": "100.0"
                },
                "hosts": {
                  "productpage:9080": "100.0"
                }
              }
            }
          }
        }
      },
      {
        "data": {
          "id": "37cfe4a58ce96755179559c08fdda7d9",
          "source": "c86e8ec8a41fcdafe296a22f7d55491b",
          "target": "c800c2f5f6e1100ae3ebd8b63c91a0ed",
          "traffic": {
            "protocol": "http",
            "rates": {
              "http": "50.00",
              "http5xx": "50.00",
              "httpPercentErr": "100.0",
              "httpPercentReq": "100.0"
            },
            "responses": {
              "503": {
                "flags": {
                  "-": "100.0"
                },
                "hosts": {
                  "reviews.bookinfo.svc.cluster.local": "100.0"
                }
              }
            }
          }
        }
      },
      {
        "data": {
          "id": "4fc5a84e4417d16fe352d3b5d749dcc4",
          "source": "ddedb716cef6d38da883fcb5ca8797e9",
          "target": "7f92c6688ae60c2f8095fff466a1a7fa",
          "traffic": {
            "protocol": "http",
            "rates": {
              "http": "400.00",
              "httpPercentReq": "100.0"
            },
            "responses": {
              "200": {
                "flags": {
                  "-": "100.0"
                },
                "hosts": {
                  "app.example-2.com": "100.0"
                }
              }
            }
          }
        }
      }
    ]
  }
}
